[1/147] GF(32003) DERIVED_APPENDIX_QN_BRANCH:S1_PIVOT_R2:UPPER_ONLY COMPLETED unit=True
[2/147] GF(32003) DERIVED_APPENDIX_QN_BRANCH:S1_PIVOT_R2:LOWER_ONLY COMPLETED unit=True
[3/147] GF(32003) DERIVED_APPENDIX_QN_BRANCH:S1_PIVOT_R2:BOTH_ZERO COMPLETED unit=False
[4/147] GF(32003) DERIVED_APPENDIX_QN_BRANCH:S1_PIVOT_R2:BOTH_NONZERO COMPLETED unit=True
[5/147] GF(32003) DERIVED_APPENDIX_QN_BRANCH:S1_PIVOT_R3:BOTH_NONZERO COMPLETED unit=True
[6/147] GF(32003) DERIVED_APPENDIX_QN_BRANCH:S1_PIVOT_R3:LOWER_ONLY COMPLETED unit=True
[7/147] GF(32003) DERIVED_APPENDIX_QN_BRANCH:S1_PIVOT_R3:UPPER_ONLY COMPLETED unit=True
[8/147] GF(32003) DERIVED_APPENDIX_QN_BRANCH:S1_PIVOT_R3:BOTH_ZERO COMPLETED unit=False
[9/147] GF(32003) DERIVED_APPENDIX_QN_BRANCH:S1_PIVOT_R4:BOTH_NONZERO COMPLETED unit=False
[10/147] GF(32003) DERIVED_APPENDIX_QN_BRANCH:S1_PIVOT_R4:UPPER_ONLY COMPLETED unit=False
[11/147] GF(32003) DERIVED_APPENDIX_QN_BRANCH:S1_PIVOT_R4:LOWER_ONLY COMPLETED unit=False
[12/147] GF(32003) DERIVED_APPENDIX_QN_BRANCH:S1_PIVOT_R4:BOTH_ZERO COMPLETED unit=False
[13/147] GF(32003) DERIVED_APPENDIX_QN_BRANCH:S2_PIVOT_M2:C_ZERO_B_NONZERO COMPLETED unit=False
[14/147] GF(32003) DERIVED_APPENDIX_QN_BRANCH:S2_PIVOT_M2:C_NONZERO COMPLETED unit=True
[15/147] GF(32003) DERIVED_APPENDIX_QN_BRANCH:S2_PIVOT_M2:BC_ZERO COMPLETED unit=False
[16/147] GF(32003) DERIVED_APPENDIX_QN_BRANCH:S2_PIVOT_M3:C_NONZERO COMPLETED unit=True
[17/147] GF(32003) DERIVED_APPENDIX_QN_BRANCH:S2_PIVOT_M3:C_ZERO_B_NONZERO COMPLETED unit=False
[18/147] GF(32003) DERIVED_APPENDIX_QN_BRANCH:S2_PIVOT_M3:BC_ZERO COMPLETED unit=False
[19/147] GF(32003) DERIVED_APPENDIX_QN_BRANCH:S2_PIVOT_M4:C_NONZERO COMPLETED unit=False
[20/147] GF(32003) DERIVED_APPENDIX_QN_BRANCH:S2_PIVOT_M4:C_ZERO_B_NONZERO COMPLETED unit=False
[21/147] GF(32003) DERIVED_APPENDIX_QN_BRANCH:S2_PIVOT_M4:BC_ZERO COMPLETED unit=False
[22/147] GF(32003) LITERAL_PRINTED_QN_PLUS_1_BRANCH:S1_PIVOT_R2:UPPER_ONLY COMPLETED unit=True
[23/147] GF(32003) LITERAL_PRINTED_QN_PLUS_1_BRANCH:S1_PIVOT_R2:LOWER_ONLY COMPLETED unit=True
[24/147] GF(32003) LITERAL_PRINTED_QN_PLUS_1_BRANCH:S1_PIVOT_R2:BOTH_NONZERO COMPLETED unit=True
[25/147] GF(32003) LITERAL_PRINTED_QN_PLUS_1_BRANCH:S1_PIVOT_R2:BOTH_ZERO COMPLETED unit=False
[26/147] GF(32003) LITERAL_PRINTED_QN_PLUS_1_BRANCH:S1_PIVOT_R3:BOTH_NONZERO COMPLETED unit=True
[27/147] GF(32003) LITERAL_PRINTED_QN_PLUS_1_BRANCH:S1_PIVOT_R3:UPPER_ONLY COMPLETED unit=True
[28/147] GF(32003) LITERAL_PRINTED_QN_PLUS_1_BRANCH:S1_PIVOT_R3:LOWER_ONLY COMPLETED unit=True
[29/147] GF(32003) LITERAL_PRINTED_QN_PLUS_1_BRANCH:S1_PIVOT_R4:BOTH_NONZERO COMPLETED unit=False
[30/147] GF(32003) LITERAL_PRINTED_QN_PLUS_1_BRANCH:S1_PIVOT_R3:BOTH_ZERO COMPLETED unit=False
[31/147] GF(32003) LITERAL_PRINTED_QN_PLUS_1_BRANCH:S1_PIVOT_R4:UPPER_ONLY COMPLETED unit=False
[32/147] GF(32003) LITERAL_PRINTED_QN_PLUS_1_BRANCH:S1_PIVOT_R4:BOTH_ZERO COMPLETED unit=False
[33/147] GF(32003) LITERAL_PRINTED_QN_PLUS_1_BRANCH:S1_PIVOT_R4:LOWER_ONLY COMPLETED unit=False
[34/147] GF(32003) LITERAL_PRINTED_QN_PLUS_1_BRANCH:S1_PIVOT_R5:BOTH_NONZERO COMPLETED unit=False
[35/147] GF(32003) LITERAL_PRINTED_QN_PLUS_1_BRANCH:S1_PIVOT_R5:UPPER_ONLY COMPLETED unit=False
[36/147] GF(32003) LITERAL_PRINTED_QN_PLUS_1_BRANCH:S1_PIVOT_R5:LOWER_ONLY COMPLETED unit=False
[37/147] GF(32003) LITERAL_PRINTED_QN_PLUS_1_BRANCH:S1_PIVOT_R5:BOTH_ZERO COMPLETED unit=False
[38/147] GF(32003) LITERAL_PRINTED_QN_PLUS_1_BRANCH:S2_PIVOT_M2:C_ZERO_B_NONZERO COMPLETED unit=False
[39/147] GF(32003) LITERAL_PRINTED_QN_PLUS_1_BRANCH:S2_PIVOT_M2:C_NONZERO COMPLETED unit=True
[40/147] GF(32003) LITERAL_PRINTED_QN_PLUS_1_BRANCH:S2_PIVOT_M2:BC_ZERO COMPLETED unit=False
[41/147] GF(32003) LITERAL_PRINTED_QN_PLUS_1_BRANCH:S2_PIVOT_M3:C_NONZERO COMPLETED unit=True
[42/147] GF(32003) LITERAL_PRINTED_QN_PLUS_1_BRANCH:S2_PIVOT_M3:C_ZERO_B_NONZERO COMPLETED unit=False
[43/147] GF(32003) LITERAL_PRINTED_QN_PLUS_1_BRANCH:S2_PIVOT_M3:BC_ZERO COMPLETED unit=False
[44/147] GF(32003) LITERAL_PRINTED_QN_PLUS_1_BRANCH:S2_PIVOT_M4:C_NONZERO COMPLETED unit=False
[45/147] GF(32003) LITERAL_PRINTED_QN_PLUS_1_BRANCH:S2_PIVOT_M4:C_ZERO_B_NONZERO COMPLETED unit=False
[46/147] GF(32003) LITERAL_PRINTED_QN_PLUS_1_BRANCH:S2_PIVOT_M4:BC_ZERO COMPLETED unit=False
[47/147] GF(32003) LITERAL_PRINTED_QN_PLUS_1_BRANCH:S2_PIVOT_M5:C_NONZERO COMPLETED unit=False
[48/147] GF(32003) LITERAL_PRINTED_QN_PLUS_1_BRANCH:S2_PIVOT_M5:C_ZERO_B_NONZERO COMPLETED unit=False
[49/147] GF(32003) LITERAL_PRINTED_QN_PLUS_1_BRANCH:S2_PIVOT_M5:BC_ZERO COMPLETED unit=False
[50/147] GF(32009) DERIVED_APPENDIX_QN_BRANCH:S1_PIVOT_R2:LOWER_ONLY COMPLETED unit=True
[51/147] GF(32009) DERIVED_APPENDIX_QN_BRANCH:S1_PIVOT_R2:UPPER_ONLY COMPLETED unit=True
[52/147] GF(32009) DERIVED_APPENDIX_QN_BRANCH:S1_PIVOT_R2:BOTH_ZERO COMPLETED unit=False
[53/147] GF(32009) DERIVED_APPENDIX_QN_BRANCH:S1_PIVOT_R2:BOTH_NONZERO COMPLETED unit=True
[54/147] GF(32009) DERIVED_APPENDIX_QN_BRANCH:S1_PIVOT_R3:BOTH_NONZERO COMPLETED unit=True
[55/147] GF(32009) DERIVED_APPENDIX_QN_BRANCH:S1_PIVOT_R3:UPPER_ONLY COMPLETED unit=True
[56/147] GF(32009) DERIVED_APPENDIX_QN_BRANCH:S1_PIVOT_R3:LOWER_ONLY COMPLETED unit=True
[57/147] GF(32009) DERIVED_APPENDIX_QN_BRANCH:S1_PIVOT_R3:BOTH_ZERO COMPLETED unit=False
[58/147] GF(32009) DERIVED_APPENDIX_QN_BRANCH:S1_PIVOT_R4:BOTH_NONZERO COMPLETED unit=False
[59/147] GF(32009) DERIVED_APPENDIX_QN_BRANCH:S1_PIVOT_R4:UPPER_ONLY COMPLETED unit=False
[60/147] GF(32009) DERIVED_APPENDIX_QN_BRANCH:S1_PIVOT_R4:LOWER_ONLY COMPLETED unit=False
[61/147] GF(32009) DERIVED_APPENDIX_QN_BRANCH:S1_PIVOT_R4:BOTH_ZERO COMPLETED unit=False
[62/147] GF(32009) DERIVED_APPENDIX_QN_BRANCH:S2_PIVOT_M2:C_ZERO_B_NONZERO COMPLETED unit=False
[63/147] GF(32009) DERIVED_APPENDIX_QN_BRANCH:S2_PIVOT_M2:BC_ZERO COMPLETED unit=False
[64/147] GF(32009) DERIVED_APPENDIX_QN_BRANCH:S2_PIVOT_M2:C_NONZERO COMPLETED unit=True
[65/147] GF(32009) DERIVED_APPENDIX_QN_BRANCH:S2_PIVOT_M3:C_NONZERO COMPLETED unit=True
[66/147] GF(32009) DERIVED_APPENDIX_QN_BRANCH:S2_PIVOT_M3:C_ZERO_B_NONZERO COMPLETED unit=False
[67/147] GF(32009) DERIVED_APPENDIX_QN_BRANCH:S2_PIVOT_M3:BC_ZERO COMPLETED unit=False
[68/147] GF(32009) DERIVED_APPENDIX_QN_BRANCH:S2_PIVOT_M4:C_NONZERO COMPLETED unit=False
[69/147] GF(32009) DERIVED_APPENDIX_QN_BRANCH:S2_PIVOT_M4:C_ZERO_B_NONZERO COMPLETED unit=False
[70/147] GF(32009) DERIVED_APPENDIX_QN_BRANCH:S2_PIVOT_M4:BC_ZERO COMPLETED unit=False
[71/147] GF(32009) LITERAL_PRINTED_QN_PLUS_1_BRANCH:S1_PIVOT_R2:UPPER_ONLY COMPLETED unit=True
[72/147] GF(32009) LITERAL_PRINTED_QN_PLUS_1_BRANCH:S1_PIVOT_R2:LOWER_ONLY COMPLETED unit=True
[73/147] GF(32009) LITERAL_PRINTED_QN_PLUS_1_BRANCH:S1_PIVOT_R2:BOTH_ZERO COMPLETED unit=False
[74/147] GF(32009) LITERAL_PRINTED_QN_PLUS_1_BRANCH:S1_PIVOT_R2:BOTH_NONZERO COMPLETED unit=True
[75/147] GF(32009) LITERAL_PRINTED_QN_PLUS_1_BRANCH:S1_PIVOT_R3:BOTH_NONZERO COMPLETED unit=True
[76/147] GF(32009) LITERAL_PRINTED_QN_PLUS_1_BRANCH:S1_PIVOT_R3:UPPER_ONLY COMPLETED unit=True
[77/147] GF(32009) LITERAL_PRINTED_QN_PLUS_1_BRANCH:S1_PIVOT_R3:LOWER_ONLY COMPLETED unit=True
[78/147] GF(32009) LITERAL_PRINTED_QN_PLUS_1_BRANCH:S1_PIVOT_R3:BOTH_ZERO COMPLETED unit=False
[79/147] GF(32009) LITERAL_PRINTED_QN_PLUS_1_BRANCH:S1_PIVOT_R4:BOTH_NONZERO COMPLETED unit=False
[80/147] GF(32009) LITERAL_PRINTED_QN_PLUS_1_BRANCH:S1_PIVOT_R4:UPPER_ONLY COMPLETED unit=False
[81/147] GF(32009) LITERAL_PRINTED_QN_PLUS_1_BRANCH:S1_PIVOT_R4:LOWER_ONLY COMPLETED unit=False
[82/147] GF(32009) LITERAL_PRINTED_QN_PLUS_1_BRANCH:S1_PIVOT_R4:BOTH_ZERO COMPLETED unit=False
[83/147] GF(32009) LITERAL_PRINTED_QN_PLUS_1_BRANCH:S1_PIVOT_R5:BOTH_NONZERO COMPLETED unit=False
[84/147] GF(32009) LITERAL_PRINTED_QN_PLUS_1_BRANCH:S1_PIVOT_R5:UPPER_ONLY COMPLETED unit=False
[85/147] GF(32009) LITERAL_PRINTED_QN_PLUS_1_BRANCH:S1_PIVOT_R5:LOWER_ONLY COMPLETED unit=False
[86/147] GF(32009) LITERAL_PRINTED_QN_PLUS_1_BRANCH:S1_PIVOT_R5:BOTH_ZERO COMPLETED unit=False
[87/147] GF(32009) LITERAL_PRINTED_QN_PLUS_1_BRANCH:S2_PIVOT_M2:C_ZERO_B_NONZERO COMPLETED unit=False
[88/147] GF(32009) LITERAL_PRINTED_QN_PLUS_1_BRANCH:S2_PIVOT_M2:C_NONZERO COMPLETED unit=True
[89/147] GF(32009) LITERAL_PRINTED_QN_PLUS_1_BRANCH:S2_PIVOT_M2:BC_ZERO COMPLETED unit=False
[90/147] GF(32009) LITERAL_PRINTED_QN_PLUS_1_BRANCH:S2_PIVOT_M3:C_NONZERO COMPLETED unit=True
[91/147] GF(32009) LITERAL_PRINTED_QN_PLUS_1_BRANCH:S2_PIVOT_M3:C_ZERO_B_NONZERO COMPLETED unit=False
[92/147] GF(32009) LITERAL_PRINTED_QN_PLUS_1_BRANCH:S2_PIVOT_M3:BC_ZERO COMPLETED unit=False
[93/147] GF(32009) LITERAL_PRINTED_QN_PLUS_1_BRANCH:S2_PIVOT_M4:C_NONZERO COMPLETED unit=False
[94/147] GF(32009) LITERAL_PRINTED_QN_PLUS_1_BRANCH:S2_PIVOT_M4:C_ZERO_B_NONZERO COMPLETED unit=False
[95/147] GF(32009) LITERAL_PRINTED_QN_PLUS_1_BRANCH:S2_PIVOT_M4:BC_ZERO COMPLETED unit=False
[96/147] GF(32009) LITERAL_PRINTED_QN_PLUS_1_BRANCH:S2_PIVOT_M5:C_NONZERO COMPLETED unit=False
[97/147] GF(32009) LITERAL_PRINTED_QN_PLUS_1_BRANCH:S2_PIVOT_M5:C_ZERO_B_NONZERO COMPLETED unit=False
[98/147] GF(32009) LITERAL_PRINTED_QN_PLUS_1_BRANCH:S2_PIVOT_M5:BC_ZERO COMPLETED unit=False
[99/147] QQ DERIVED_APPENDIX_QN_BRANCH:S1_PIVOT_R2:UPPER_ONLY COMPLETED unit=True
[100/147] QQ DERIVED_APPENDIX_QN_BRANCH:S1_PIVOT_R2:LOWER_ONLY COMPLETED unit=True
[101/147] QQ DERIVED_APPENDIX_QN_BRANCH:S1_PIVOT_R2:BOTH_ZERO COMPLETED unit=False
[102/147] QQ DERIVED_APPENDIX_QN_BRANCH:S1_PIVOT_R2:BOTH_NONZERO COMPLETED unit=True
[103/147] QQ DERIVED_APPENDIX_QN_BRANCH:S1_PIVOT_R3:BOTH_NONZERO COMPLETED unit=True
[104/147] QQ DERIVED_APPENDIX_QN_BRANCH:S1_PIVOT_R3:UPPER_ONLY COMPLETED unit=True
[105/147] QQ DERIVED_APPENDIX_QN_BRANCH:S1_PIVOT_R3:LOWER_ONLY COMPLETED unit=True
[106/147] QQ DERIVED_APPENDIX_QN_BRANCH:S1_PIVOT_R3:BOTH_ZERO COMPLETED unit=False
[107/147] QQ DERIVED_APPENDIX_QN_BRANCH:S1_PIVOT_R4:BOTH_NONZERO COMPLETED unit=False
[108/147] QQ DERIVED_APPENDIX_QN_BRANCH:S1_PIVOT_R4:UPPER_ONLY COMPLETED unit=False
[109/147] QQ DERIVED_APPENDIX_QN_BRANCH:S1_PIVOT_R4:LOWER_ONLY COMPLETED unit=False
[110/147] QQ DERIVED_APPENDIX_QN_BRANCH:S1_PIVOT_R4:BOTH_ZERO COMPLETED unit=False
[111/147] QQ DERIVED_APPENDIX_QN_BRANCH:S2_PIVOT_M2:C_ZERO_B_NONZERO COMPLETED unit=False
[112/147] QQ DERIVED_APPENDIX_QN_BRANCH:S2_PIVOT_M2:C_NONZERO COMPLETED unit=True
[113/147] QQ DERIVED_APPENDIX_QN_BRANCH:S2_PIVOT_M2:BC_ZERO COMPLETED unit=False
[114/147] QQ DERIVED_APPENDIX_QN_BRANCH:S2_PIVOT_M3:C_NONZERO COMPLETED unit=True
[115/147] QQ DERIVED_APPENDIX_QN_BRANCH:S2_PIVOT_M3:C_ZERO_B_NONZERO COMPLETED unit=False
[116/147] QQ DERIVED_APPENDIX_QN_BRANCH:S2_PIVOT_M3:BC_ZERO COMPLETED unit=False
[117/147] QQ DERIVED_APPENDIX_QN_BRANCH:S2_PIVOT_M4:C_NONZERO COMPLETED unit=False
[118/147] QQ DERIVED_APPENDIX_QN_BRANCH:S2_PIVOT_M4:C_ZERO_B_NONZERO COMPLETED unit=False
[119/147] QQ DERIVED_APPENDIX_QN_BRANCH:S2_PIVOT_M4:BC_ZERO COMPLETED unit=False
[120/147] QQ LITERAL_PRINTED_QN_PLUS_1_BRANCH:S1_PIVOT_R2:UPPER_ONLY COMPLETED unit=True
[121/147] QQ LITERAL_PRINTED_QN_PLUS_1_BRANCH:S1_PIVOT_R2:LOWER_ONLY COMPLETED unit=True
[122/147] QQ LITERAL_PRINTED_QN_PLUS_1_BRANCH:S1_PIVOT_R2:BOTH_NONZERO COMPLETED unit=True
[123/147] QQ LITERAL_PRINTED_QN_PLUS_1_BRANCH:S1_PIVOT_R2:BOTH_ZERO COMPLETED unit=False
[124/147] QQ LITERAL_PRINTED_QN_PLUS_1_BRANCH:S1_PIVOT_R3:BOTH_NONZERO COMPLETED unit=True
[125/147] QQ LITERAL_PRINTED_QN_PLUS_1_BRANCH:S1_PIVOT_R3:UPPER_ONLY COMPLETED unit=True
[126/147] QQ LITERAL_PRINTED_QN_PLUS_1_BRANCH:S1_PIVOT_R3:LOWER_ONLY COMPLETED unit=True
[127/147] QQ LITERAL_PRINTED_QN_PLUS_1_BRANCH:S1_PIVOT_R3:BOTH_ZERO COMPLETED unit=False
[128/147] QQ LITERAL_PRINTED_QN_PLUS_1_BRANCH:S1_PIVOT_R4:BOTH_NONZERO COMPLETED unit=False
[129/147] QQ LITERAL_PRINTED_QN_PLUS_1_BRANCH:S1_PIVOT_R4:UPPER_ONLY COMPLETED unit=False
[130/147] QQ LITERAL_PRINTED_QN_PLUS_1_BRANCH:S1_PIVOT_R4:LOWER_ONLY COMPLETED unit=False
[131/147] QQ LITERAL_PRINTED_QN_PLUS_1_BRANCH:S1_PIVOT_R4:BOTH_ZERO COMPLETED unit=False
[132/147] QQ LITERAL_PRINTED_QN_PLUS_1_BRANCH:S1_PIVOT_R5:BOTH_NONZERO COMPLETED unit=False
[133/147] QQ LITERAL_PRINTED_QN_PLUS_1_BRANCH:S1_PIVOT_R5:UPPER_ONLY COMPLETED unit=False
[134/147] QQ LITERAL_PRINTED_QN_PLUS_1_BRANCH:S1_PIVOT_R5:LOWER_ONLY COMPLETED unit=False
[135/147] QQ LITERAL_PRINTED_QN_PLUS_1_BRANCH:S1_PIVOT_R5:BOTH_ZERO COMPLETED unit=False
[136/147] QQ LITERAL_PRINTED_QN_PLUS_1_BRANCH:S2_PIVOT_M2:C_ZERO_B_NONZERO COMPLETED unit=False
[137/147] QQ LITERAL_PRINTED_QN_PLUS_1_BRANCH:S2_PIVOT_M2:C_NONZERO COMPLETED unit=True
[138/147] QQ LITERAL_PRINTED_QN_PLUS_1_BRANCH:S2_PIVOT_M2:BC_ZERO COMPLETED unit=False
[139/147] QQ LITERAL_PRINTED_QN_PLUS_1_BRANCH:S2_PIVOT_M3:C_NONZERO COMPLETED unit=True
[140/147] QQ LITERAL_PRINTED_QN_PLUS_1_BRANCH:S2_PIVOT_M3:C_ZERO_B_NONZERO COMPLETED unit=False
[141/147] QQ LITERAL_PRINTED_QN_PLUS_1_BRANCH:S2_PIVOT_M3:BC_ZERO COMPLETED unit=False
[142/147] QQ LITERAL_PRINTED_QN_PLUS_1_BRANCH:S2_PIVOT_M4:C_NONZERO COMPLETED unit=False
[143/147] QQ LITERAL_PRINTED_QN_PLUS_1_BRANCH:S2_PIVOT_M4:C_ZERO_B_NONZERO COMPLETED unit=False
[144/147] QQ LITERAL_PRINTED_QN_PLUS_1_BRANCH:S2_PIVOT_M4:BC_ZERO COMPLETED unit=False
[145/147] QQ LITERAL_PRINTED_QN_PLUS_1_BRANCH:S2_PIVOT_M5:C_NONZERO COMPLETED unit=False
[146/147] QQ LITERAL_PRINTED_QN_PLUS_1_BRANCH:S2_PIVOT_M5:C_ZERO_B_NONZERO COMPLETED unit=False
[147/147] QQ LITERAL_PRINTED_QN_PLUS_1_BRANCH:S2_PIVOT_M5:BC_ZERO COMPLETED unit=False
