[1/78] GF(32003) DERIVED_APPENDIX_QN_BRANCH:S1_PIVOT_R4:UPPER_ONLY COMPLETED EXACT_EMPTY_CHART
[2/78] GF(32003) DERIVED_APPENDIX_QN_BRANCH:S1_PIVOT_R4:LOWER_ONLY COMPLETED EXACT_EMPTY_CHART
[3/78] GF(32003) DERIVED_APPENDIX_QN_BRANCH:S2_PIVOT_M2:C_ZERO_B_NONZERO COMPLETED EXACT_NO_NONCOMMUTATIVE_SOLUTION_IN_CHART
[4/78] GF(32003) DERIVED_APPENDIX_QN_BRANCH:S2_PIVOT_M2:BC_ZERO COMPLETED EXACT_NO_NONCOMMUTATIVE_SOLUTION_IN_CHART
[5/78] GF(32003) DERIVED_APPENDIX_QN_BRANCH:S2_PIVOT_M3:C_ZERO_B_NONZERO COMPLETED EXACT_NO_NONCOMMUTATIVE_SOLUTION_IN_CHART
[6/78] GF(32003) DERIVED_APPENDIX_QN_BRANCH:S2_PIVOT_M3:BC_ZERO COMPLETED EXACT_NO_NONCOMMUTATIVE_SOLUTION_IN_CHART
[7/78] GF(32003) DERIVED_APPENDIX_QN_BRANCH:S2_PIVOT_M4:C_ZERO_B_NONZERO COMPLETED EXACT_NO_NONCOMMUTATIVE_SOLUTION_IN_CHART
[8/78] GF(32003) DERIVED_APPENDIX_QN_BRANCH:S2_PIVOT_M4:BC_ZERO COMPLETED EXACT_NO_NONCOMMUTATIVE_SOLUTION_IN_CHART
[9/78] GF(32003) DERIVED_APPENDIX_QN_BRANCH:S1_PIVOT_R4:BOTH_NONZERO COMPLETED EXACT_EMPTY_CHART
[10/78] GF(32003) LITERAL_PRINTED_QN_PLUS_1_BRANCH:S1_PIVOT_R4:UPPER_ONLY COMPLETED EXACT_EMPTY_CHART
[11/78] GF(32003) LITERAL_PRINTED_QN_PLUS_1_BRANCH:S1_PIVOT_R4:LOWER_ONLY COMPLETED EXACT_EMPTY_CHART
[12/78] GF(32003) DERIVED_APPENDIX_QN_BRANCH:S2_PIVOT_M4:C_NONZERO COMPLETED EXACT_EMPTY_CHART
[13/78] GF(32003) LITERAL_PRINTED_QN_PLUS_1_BRANCH:S1_PIVOT_R5:BOTH_NONZERO COMPLETED EXACT_NONCOMMUTATIVE_COMPONENT_SURVIVES
[14/78] GF(32003) LITERAL_PRINTED_QN_PLUS_1_BRANCH:S1_PIVOT_R5:UPPER_ONLY COMPLETED EXACT_NONCOMMUTATIVE_COMPONENT_SURVIVES
[15/78] GF(32003) LITERAL_PRINTED_QN_PLUS_1_BRANCH:S1_PIVOT_R5:LOWER_ONLY COMPLETED EXACT_NONCOMMUTATIVE_COMPONENT_SURVIVES
[16/78] GF(32003) LITERAL_PRINTED_QN_PLUS_1_BRANCH:S2_PIVOT_M2:C_ZERO_B_NONZERO COMPLETED EXACT_NO_NONCOMMUTATIVE_SOLUTION_IN_CHART
[17/78] GF(32003) LITERAL_PRINTED_QN_PLUS_1_BRANCH:S1_PIVOT_R4:BOTH_NONZERO COMPLETED EXACT_EMPTY_CHART
[18/78] GF(32003) LITERAL_PRINTED_QN_PLUS_1_BRANCH:S2_PIVOT_M2:BC_ZERO COMPLETED EXACT_NO_NONCOMMUTATIVE_SOLUTION_IN_CHART
[19/78] GF(32003) LITERAL_PRINTED_QN_PLUS_1_BRANCH:S2_PIVOT_M3:C_ZERO_B_NONZERO COMPLETED EXACT_NO_NONCOMMUTATIVE_SOLUTION_IN_CHART
[20/78] GF(32003) LITERAL_PRINTED_QN_PLUS_1_BRANCH:S2_PIVOT_M3:BC_ZERO COMPLETED EXACT_NO_NONCOMMUTATIVE_SOLUTION_IN_CHART
[21/78] GF(32003) LITERAL_PRINTED_QN_PLUS_1_BRANCH:S2_PIVOT_M4:C_ZERO_B_NONZERO COMPLETED EXACT_NO_NONCOMMUTATIVE_SOLUTION_IN_CHART
[22/78] GF(32003) LITERAL_PRINTED_QN_PLUS_1_BRANCH:S2_PIVOT_M4:BC_ZERO COMPLETED EXACT_NO_NONCOMMUTATIVE_SOLUTION_IN_CHART
[23/78] GF(32003) LITERAL_PRINTED_QN_PLUS_1_BRANCH:S2_PIVOT_M5:C_ZERO_B_NONZERO COMPLETED EXACT_NONCOMMUTATIVE_COMPONENT_SURVIVES
[24/78] GF(32003) LITERAL_PRINTED_QN_PLUS_1_BRANCH:S2_PIVOT_M5:C_NONZERO COMPLETED EXACT_NONCOMMUTATIVE_COMPONENT_SURVIVES
[25/78] GF(32003) LITERAL_PRINTED_QN_PLUS_1_BRANCH:S2_PIVOT_M5:BC_ZERO COMPLETED EXACT_NONCOMMUTATIVE_COMPONENT_SURVIVES
[26/78] GF(32003) LITERAL_PRINTED_QN_PLUS_1_BRANCH:S2_PIVOT_M4:C_NONZERO COMPLETED EXACT_EMPTY_CHART
[27/78] GF(32009) DERIVED_APPENDIX_QN_BRANCH:S1_PIVOT_R4:UPPER_ONLY COMPLETED EXACT_EMPTY_CHART
[28/78] GF(32009) DERIVED_APPENDIX_QN_BRANCH:S1_PIVOT_R4:LOWER_ONLY COMPLETED EXACT_EMPTY_CHART
[29/78] GF(32009) DERIVED_APPENDIX_QN_BRANCH:S2_PIVOT_M2:C_ZERO_B_NONZERO COMPLETED EXACT_NO_NONCOMMUTATIVE_SOLUTION_IN_CHART
[30/78] GF(32009) DERIVED_APPENDIX_QN_BRANCH:S2_PIVOT_M2:BC_ZERO COMPLETED EXACT_NO_NONCOMMUTATIVE_SOLUTION_IN_CHART
[31/78] GF(32009) DERIVED_APPENDIX_QN_BRANCH:S2_PIVOT_M3:C_ZERO_B_NONZERO COMPLETED EXACT_NO_NONCOMMUTATIVE_SOLUTION_IN_CHART
[32/78] GF(32009) DERIVED_APPENDIX_QN_BRANCH:S2_PIVOT_M3:BC_ZERO COMPLETED EXACT_NO_NONCOMMUTATIVE_SOLUTION_IN_CHART
[33/78] GF(32009) DERIVED_APPENDIX_QN_BRANCH:S2_PIVOT_M4:C_ZERO_B_NONZERO COMPLETED EXACT_NO_NONCOMMUTATIVE_SOLUTION_IN_CHART
[34/78] GF(32009) DERIVED_APPENDIX_QN_BRANCH:S2_PIVOT_M4:BC_ZERO COMPLETED EXACT_NO_NONCOMMUTATIVE_SOLUTION_IN_CHART
[35/78] GF(32009) DERIVED_APPENDIX_QN_BRANCH:S1_PIVOT_R4:BOTH_NONZERO COMPLETED EXACT_EMPTY_CHART
[36/78] GF(32009) LITERAL_PRINTED_QN_PLUS_1_BRANCH:S1_PIVOT_R4:UPPER_ONLY COMPLETED EXACT_EMPTY_CHART
[37/78] GF(32009) LITERAL_PRINTED_QN_PLUS_1_BRANCH:S1_PIVOT_R4:LOWER_ONLY COMPLETED EXACT_EMPTY_CHART
[38/78] GF(32009) DERIVED_APPENDIX_QN_BRANCH:S2_PIVOT_M4:C_NONZERO COMPLETED EXACT_EMPTY_CHART
[39/78] GF(32009) LITERAL_PRINTED_QN_PLUS_1_BRANCH:S1_PIVOT_R5:BOTH_NONZERO COMPLETED EXACT_NONCOMMUTATIVE_COMPONENT_SURVIVES
[40/78] GF(32009) LITERAL_PRINTED_QN_PLUS_1_BRANCH:S1_PIVOT_R5:UPPER_ONLY COMPLETED EXACT_NONCOMMUTATIVE_COMPONENT_SURVIVES
[41/78] GF(32009) LITERAL_PRINTED_QN_PLUS_1_BRANCH:S1_PIVOT_R5:LOWER_ONLY COMPLETED EXACT_NONCOMMUTATIVE_COMPONENT_SURVIVES
[42/78] GF(32009) LITERAL_PRINTED_QN_PLUS_1_BRANCH:S2_PIVOT_M2:C_ZERO_B_NONZERO COMPLETED EXACT_NO_NONCOMMUTATIVE_SOLUTION_IN_CHART
[43/78] GF(32009) LITERAL_PRINTED_QN_PLUS_1_BRANCH:S1_PIVOT_R4:BOTH_NONZERO COMPLETED EXACT_EMPTY_CHART
[44/78] GF(32009) LITERAL_PRINTED_QN_PLUS_1_BRANCH:S2_PIVOT_M2:BC_ZERO COMPLETED EXACT_NO_NONCOMMUTATIVE_SOLUTION_IN_CHART
[45/78] GF(32009) LITERAL_PRINTED_QN_PLUS_1_BRANCH:S2_PIVOT_M3:C_ZERO_B_NONZERO COMPLETED EXACT_NO_NONCOMMUTATIVE_SOLUTION_IN_CHART
[46/78] GF(32009) LITERAL_PRINTED_QN_PLUS_1_BRANCH:S2_PIVOT_M3:BC_ZERO COMPLETED EXACT_NO_NONCOMMUTATIVE_SOLUTION_IN_CHART
[47/78] GF(32009) LITERAL_PRINTED_QN_PLUS_1_BRANCH:S2_PIVOT_M4:C_ZERO_B_NONZERO COMPLETED EXACT_NO_NONCOMMUTATIVE_SOLUTION_IN_CHART
[48/78] GF(32009) LITERAL_PRINTED_QN_PLUS_1_BRANCH:S2_PIVOT_M4:BC_ZERO COMPLETED EXACT_NO_NONCOMMUTATIVE_SOLUTION_IN_CHART
[49/78] GF(32009) LITERAL_PRINTED_QN_PLUS_1_BRANCH:S2_PIVOT_M5:C_ZERO_B_NONZERO COMPLETED EXACT_NONCOMMUTATIVE_COMPONENT_SURVIVES
[50/78] GF(32009) LITERAL_PRINTED_QN_PLUS_1_BRANCH:S2_PIVOT_M5:C_NONZERO COMPLETED EXACT_NONCOMMUTATIVE_COMPONENT_SURVIVES
[51/78] GF(32009) LITERAL_PRINTED_QN_PLUS_1_BRANCH:S2_PIVOT_M5:BC_ZERO COMPLETED EXACT_NONCOMMUTATIVE_COMPONENT_SURVIVES
[52/78] GF(32009) LITERAL_PRINTED_QN_PLUS_1_BRANCH:S2_PIVOT_M4:C_NONZERO COMPLETED EXACT_EMPTY_CHART
[54/78] QQ DERIVED_APPENDIX_QN_BRANCH:S1_PIVOT_R4:UPPER_ONLY COMPLETED EXACT_EMPTY_CHART
[55/78] QQ DERIVED_APPENDIX_QN_BRANCH:S1_PIVOT_R4:LOWER_ONLY COMPLETED EXACT_EMPTY_CHART
[56/78] QQ DERIVED_APPENDIX_QN_BRANCH:S2_PIVOT_M2:C_ZERO_B_NONZERO COMPLETED EXACT_NO_NONCOMMUTATIVE_SOLUTION_IN_CHART
[57/78] QQ DERIVED_APPENDIX_QN_BRANCH:S2_PIVOT_M2:BC_ZERO COMPLETED EXACT_NO_NONCOMMUTATIVE_SOLUTION_IN_CHART
[58/78] QQ DERIVED_APPENDIX_QN_BRANCH:S2_PIVOT_M3:C_ZERO_B_NONZERO COMPLETED EXACT_NO_NONCOMMUTATIVE_SOLUTION_IN_CHART
[59/78] QQ DERIVED_APPENDIX_QN_BRANCH:S2_PIVOT_M3:BC_ZERO COMPLETED EXACT_NO_NONCOMMUTATIVE_SOLUTION_IN_CHART
[60/78] QQ DERIVED_APPENDIX_QN_BRANCH:S2_PIVOT_M4:C_ZERO_B_NONZERO COMPLETED EXACT_NO_NONCOMMUTATIVE_SOLUTION_IN_CHART
[61/78] QQ DERIVED_APPENDIX_QN_BRANCH:S2_PIVOT_M4:BC_ZERO COMPLETED EXACT_NO_NONCOMMUTATIVE_SOLUTION_IN_CHART
[62/78] QQ DERIVED_APPENDIX_QN_BRANCH:S1_PIVOT_R4:BOTH_NONZERO COMPLETED EXACT_EMPTY_CHART
[63/78] QQ LITERAL_PRINTED_QN_PLUS_1_BRANCH:S1_PIVOT_R4:UPPER_ONLY COMPLETED EXACT_EMPTY_CHART
[64/78] QQ LITERAL_PRINTED_QN_PLUS_1_BRANCH:S1_PIVOT_R4:LOWER_ONLY COMPLETED EXACT_EMPTY_CHART
[65/78] QQ DERIVED_APPENDIX_QN_BRANCH:S2_PIVOT_M4:C_NONZERO COMPLETED EXACT_EMPTY_CHART
[66/78] QQ LITERAL_PRINTED_QN_PLUS_1_BRANCH:S1_PIVOT_R5:BOTH_NONZERO COMPLETED EXACT_NONCOMMUTATIVE_COMPONENT_SURVIVES
[67/78] QQ LITERAL_PRINTED_QN_PLUS_1_BRANCH:S1_PIVOT_R5:UPPER_ONLY COMPLETED EXACT_NONCOMMUTATIVE_COMPONENT_SURVIVES
[68/78] QQ LITERAL_PRINTED_QN_PLUS_1_BRANCH:S1_PIVOT_R5:LOWER_ONLY COMPLETED EXACT_NONCOMMUTATIVE_COMPONENT_SURVIVES
[69/78] QQ LITERAL_PRINTED_QN_PLUS_1_BRANCH:S2_PIVOT_M2:C_ZERO_B_NONZERO COMPLETED EXACT_NO_NONCOMMUTATIVE_SOLUTION_IN_CHART
[70/78] QQ LITERAL_PRINTED_QN_PLUS_1_BRANCH:S1_PIVOT_R4:BOTH_NONZERO COMPLETED EXACT_EMPTY_CHART
[71/78] QQ LITERAL_PRINTED_QN_PLUS_1_BRANCH:S2_PIVOT_M2:BC_ZERO COMPLETED EXACT_NO_NONCOMMUTATIVE_SOLUTION_IN_CHART
[72/78] QQ LITERAL_PRINTED_QN_PLUS_1_BRANCH:S2_PIVOT_M3:C_ZERO_B_NONZERO COMPLETED EXACT_NO_NONCOMMUTATIVE_SOLUTION_IN_CHART
[73/78] QQ LITERAL_PRINTED_QN_PLUS_1_BRANCH:S2_PIVOT_M3:BC_ZERO COMPLETED EXACT_NO_NONCOMMUTATIVE_SOLUTION_IN_CHART
[74/78] QQ LITERAL_PRINTED_QN_PLUS_1_BRANCH:S2_PIVOT_M4:C_ZERO_B_NONZERO COMPLETED EXACT_NO_NONCOMMUTATIVE_SOLUTION_IN_CHART
[75/78] QQ LITERAL_PRINTED_QN_PLUS_1_BRANCH:S2_PIVOT_M4:BC_ZERO COMPLETED EXACT_NO_NONCOMMUTATIVE_SOLUTION_IN_CHART
[76/78] QQ LITERAL_PRINTED_QN_PLUS_1_BRANCH:S2_PIVOT_M5:C_ZERO_B_NONZERO COMPLETED EXACT_NONCOMMUTATIVE_COMPONENT_SURVIVES
[77/78] QQ LITERAL_PRINTED_QN_PLUS_1_BRANCH:S2_PIVOT_M5:C_NONZERO COMPLETED EXACT_NONCOMMUTATIVE_COMPONENT_SURVIVES
[78/78] QQ LITERAL_PRINTED_QN_PLUS_1_BRANCH:S2_PIVOT_M4:C_NONZERO COMPLETED EXACT_EMPTY_CHART
